---
source: crates/taudit-cli/tests/snapshot_gitlab.rs
expression: finding
---
severity: critical
category: authority_propagation
path:
  source: 2
  sink: 4
  edges:
    - 4
  crossed_boundary: true
  boundary_crossing:
    - first_party
    - untrusted
nodes_involved:
  - 2
  - 4
message: "API_SECRET_KEY propagated to alpine:latest across trust boundary"
recommendation:
  type: tsafe_remediation
  command: tsafe exec --ns <scoped-namespace> -- <command>
  explanation: Scope API_SECRET_KEY to only the steps that need it
source: built-in
