---
source: crates/taudit-cli/tests/snapshot_gha.rs
expression: finding
---
severity: medium
category: unpinned_action
nodes_involved:
  - 1
message: "[action_major_version_pin_without_sha] actions/checkout@v4 is pinned only to a mutable major tag; pin to a full commit SHA"
recommendation:
  type: pin_action
  current: actions/checkout@v4
  pinned: actions/checkout@<40-char-sha>
source: built-in
time_to_fix: trivial
confidence_scope: yaml_only
runtime_preconditions:
  - "the referenced mutable branch, tag, include, or image can change independently of this repository"
attacker_surface_kinds:
  - mutable_dependency_ref
