---
source: crates/taudit-cli/tests/snapshot_ado.rs
expression: finding
---
severity: high
category: trigger_context_mismatch
nodes_involved:
  - 2
  - 3
  - 0
  - 4
  - 5
  - 6
message: Workflow triggered by pr with secret/identity access — 2 step(s) hold authority that attacker-controlled code could reach
recommendation:
  type: manual
  action: "Use a separate workflow triggered by workflow_run (not pull_request_target) for privileged operations, or ensure no checkout of the PR head ref occurs before secret use"
source: built-in
confidence_scope: yaml_only
runtime_preconditions:
  - the authority shown in the graph is available to that run
  - untrusted PR or fork-controlled input can reach this workflow at runtime
portal_control_dependency: true
authority_kinds:
  - credential_named_variable
  - job_token
  - secret
attacker_surface_kinds:
  - script_sink
  - untrusted_checkout
cve_relationship: same_authority_shape
