---
source: crates/taudit-cli/tests/snapshot_gha.rs
expression: json
---
findings:
  - category: authority_propagation
    finding_group_id: 8b13aa4e-7e99-5faa-968a-b0ef649d5564
    fingerprint: 4c049f68139514095dad695181c62c92
    message: "GITHUB_TOKEN reaches 5 sinks via authority propagation: [actions/checkout@a5ac7e51b41094c92402da3b24376905380afc29, actions/upload-artifact@v4, release-bundle, actions/download-artifact@v4, untrusted-org/publish-action@main]"
    nodes_involved:
      - 0
      - 1
      - 5
      - 7
      - 8
      - 10
    path:
      boundary_crossing:
        - first_party
        - third_party
      crossed_boundary: true
      edges:
        - 0
      sink: 1
      source: 0
    recommendation:
      command: tsafe exec --ns <scoped-namespace> -- <command>
      explanation: Scope GITHUB_TOKEN to only the steps that need it
      type: tsafe_remediation
    rule_id: authority_propagation
    severity: critical
    source: built-in
  - category: authority_propagation
    finding_group_id: ba41b317-cbc5-5930-8db1-5d32206f77cf
    fingerprint: 3491ce71198b1b56a1020418f6b6428e
    message: PUBLISH_API_KEY propagated to untrusted-org/publish-action@main across trust boundary
    nodes_involved:
      - 12
      - 10
    path:
      boundary_crossing:
        - first_party
        - untrusted
      crossed_boundary: true
      edges:
        - 10
      sink: 10
      source: 12
    recommendation:
      command: tsafe exec --ns <scoped-namespace> -- <command>
      explanation: Scope PUBLISH_API_KEY to only the steps that need it
      type: tsafe_remediation
    rule_id: authority_propagation
    severity: critical
    source: built-in
  - category: long_lived_credential
    finding_group_id: 6426415f-731a-53a8-b2e4-59bf5baccb9b
    fingerprint: 3c05dbb7db29cbc62510bd07234bd8b3
    message: "'PUBLISH_API_KEY' looks like a long-lived static credential"
    nodes_involved:
      - 12
    recommendation:
      oidc_provider: "GitHub Actions OIDC (id-token: write)"
      static_secret: PUBLISH_API_KEY
      type: federate_identity
    rule_id: long_lived_credential
    severity: low
    source: built-in
    time_to_fix: large
  - category: over_privileged_identity
    finding_group_id: c629fa7f-412c-5537-83e3-f9598919f901
    fingerprint: f40be29c0ec732f891a8b218b539588e
    message: "GITHUB_TOKEN has broad scope (permissions: 'write-all') — likely broader than needed"
    nodes_involved:
      - 0
      - 2
      - 3
      - 6
      - 9
      - 11
    recommendation:
      current: write-all
      minimum: "{ contents: read }"
      type: reduce_permissions
    rule_id: over_privileged_identity
    severity: high
    source: built-in
    time_to_fix: small
  - category: unpinned_action
    finding_group_id: 84413533-33fe-5b90-8720-964551200e36
    fingerprint: c3afb6b577929fd0032c301d0bedb071
    message: actions/download-artifact@v4 is not pinned to a SHA digest
    nodes_involved:
      - 8
    recommendation:
      current: actions/download-artifact@v4
      pinned: actions/download-artifact@<sha256-digest>
      type: pin_action
    rule_id: unpinned_action
    severity: medium
    source: built-in
    time_to_fix: trivial
  - category: unpinned_action
    finding_group_id: bca918de-19f7-58da-ae2e-61f12191a56b
    fingerprint: 78bff5f6e502269cc980f4ad23d62ba3
    message: actions/upload-artifact@v4 is not pinned to a SHA digest
    nodes_involved:
      - 5
    recommendation:
      current: actions/upload-artifact@v4
      pinned: actions/upload-artifact@<sha256-digest>
      type: pin_action
    rule_id: unpinned_action
    severity: medium
    source: built-in
    time_to_fix: trivial
  - category: unpinned_action
    finding_group_id: 261a4277-eaf7-511e-9c1c-f47fdd7bd620
    fingerprint: a87f5766f57accf0393176d72eb23f86
    message: untrusted-org/publish-action@main is not pinned to a SHA digest
    nodes_involved:
      - 10
    recommendation:
      current: untrusted-org/publish-action@main
      pinned: untrusted-org/publish-action@<sha256-digest>
      type: pin_action
    rule_id: unpinned_action
    severity: high
    source: built-in
    time_to_fix: trivial
  - category: untrusted_with_authority
    finding_group_id: 5e958af4-f19d-5ac6-be09-2305f0d9b95f
    fingerprint: c86dc7d595e4239cd2ed6ea9deafa290
    message: "Untrusted step 'build[2]' has direct access to identity 'GITHUB_TOKEN'"
    nodes_involved:
      - 6
      - 0
    recommendation:
      current: write-all
      minimum: minimal required scope
      type: reduce_permissions
    rule_id: untrusted_with_authority
    severity: critical
    source: built-in
  - category: untrusted_with_authority
    finding_group_id: b7e5793c-2947-56b9-bedf-cd675c8ec420
    fingerprint: 5ed638c8ae853fe1fdb2f25c3dc36429
    message: "Untrusted step 'publish[0]' has direct access to identity 'GITHUB_TOKEN'"
    nodes_involved:
      - 9
      - 0
    recommendation:
      current: write-all
      minimum: minimal required scope
      type: reduce_permissions
    rule_id: untrusted_with_authority
    severity: critical
    source: built-in
  - category: untrusted_with_authority
    finding_group_id: 13b169f7-d22b-595c-86ce-7907ca3e6781
    fingerprint: 9b5a3597ba20260b9b44b003091941a8
    message: "Untrusted step 'publish[1]' has direct access to identity 'GITHUB_TOKEN'"
    nodes_involved:
      - 11
      - 0
    recommendation:
      current: write-all
      minimum: minimal required scope
      type: reduce_permissions
    rule_id: untrusted_with_authority
    severity: critical
    source: built-in
  - category: untrusted_with_authority
    finding_group_id: 1c27d04f-2dbc-5865-a0ac-48c941d4c6f8
    fingerprint: 576c2dd5a7622210fdb7f2220518b0aa
    message: "Untrusted step 'publish[1]' has direct access to secret 'PUBLISH_API_KEY'"
    nodes_involved:
      - 11
      - 12
    recommendation:
      reason: "Untrusted step 'publish[1]' has direct access to secret 'PUBLISH_API_KEY'"
      spec_hint: "cellos run --network deny-all --broker env:PUBLISH_API_KEY"
      type: cellos_remediation
    rule_id: untrusted_with_authority
    severity: critical
    source: built-in
  - category: uplift_without_attestation
    finding_group_id: a1606386-f469-5376-a699-23801a687970
    fingerprint: 808fed89037072f475af655be504c6fa
    message: 5 step(s) use OIDC/federated identity but no provenance attestation step was detected — artifact integrity cannot be verified
    nodes_involved:
      - 2
      - 3
      - 6
      - 9
      - 11
      - 0
    recommendation:
      action: "Add 'actions/attest-build-provenance' after your build step (GHA) to provide SLSA provenance. See https://docs.github.com/en/actions/security-guides/using-artifact-attestations"
      type: manual
    rule_id: uplift_without_attestation
    severity: info
    source: built-in
graph:
  completeness: complete
  edges:
    - from: 2
      id: 0
      kind: uses_image
      to: 1
    - authority_summary:
        identity_scope: broad
        permissions_summary: write-all
        trust_zone: first_party
      from: 2
      id: 1
      kind: has_access_to
      to: 0
    - authority_summary:
        identity_scope: broad
        permissions_summary: write-all
        trust_zone: first_party
      from: 3
      id: 2
      kind: has_access_to
      to: 0
    - from: 3
      id: 3
      kind: has_access_to
      to: 4
    - from: 6
      id: 4
      kind: uses_image
      to: 5
    - authority_summary:
        identity_scope: broad
        permissions_summary: write-all
        trust_zone: first_party
      from: 6
      id: 5
      kind: has_access_to
      to: 0
    - from: 6
      id: 6
      kind: produces
      to: 7
    - from: 9
      id: 7
      kind: uses_image
      to: 8
    - authority_summary:
        identity_scope: broad
        permissions_summary: write-all
        trust_zone: first_party
      from: 9
      id: 8
      kind: has_access_to
      to: 0
    - from: 7
      id: 9
      kind: consumes
      to: 9
    - from: 11
      id: 10
      kind: uses_image
      to: 10
    - authority_summary:
        identity_scope: broad
        permissions_summary: write-all
        trust_zone: first_party
      from: 11
      id: 11
      kind: has_access_to
      to: 0
    - from: 11
      id: 12
      kind: has_access_to
      to: 12
  metadata:
    platform: github-actions
    trigger: push
    triggers: push
  nodes:
    - id: 0
      kind: identity
      metadata:
        identity_scope: broad
        oidc: "true"
        permissions: write-all
      name: GITHUB_TOKEN
      trust_zone: first_party
    - id: 1
      kind: image
      metadata:
        digest: a5ac7e51b41094c92402da3b24376905380afc29
      name: actions/checkout@a5ac7e51b41094c92402da3b24376905380afc29
      trust_zone: third_party
    - id: 2
      kind: step
      metadata:
        checkout_self: "true"
        job_name: build
      name: "build[0]"
      trust_zone: third_party
    - id: 3
      kind: step
      metadata:
        job_name: build
        script_body: make release
      name: Build with secrets
      trust_zone: first_party
    - id: 4
      kind: secret
      metadata: {}
      name: SIGNING_KEY
      trust_zone: first_party
    - id: 5
      kind: image
      metadata: {}
      name: actions/upload-artifact@v4
      trust_zone: untrusted
    - id: 6
      kind: step
      metadata:
        job_name: build
      name: "build[2]"
      trust_zone: untrusted
    - id: 7
      kind: artifact
      metadata: {}
      name: release-bundle
      trust_zone: untrusted
    - id: 8
      kind: image
      metadata: {}
      name: actions/download-artifact@v4
      trust_zone: untrusted
    - id: 9
      kind: step
      metadata:
        downloads_artifact: "true"
        job_name: publish
      name: "publish[0]"
      trust_zone: untrusted
    - id: 10
      kind: image
      metadata: {}
      name: untrusted-org/publish-action@main
      trust_zone: untrusted
    - id: 11
      kind: step
      metadata:
        job_name: publish
      name: "publish[1]"
      trust_zone: untrusted
    - id: 12
      kind: secret
      metadata: {}
      name: PUBLISH_API_KEY
      trust_zone: first_party
  source:
    file: test.yml
schema_uri: "https://taudit.dev/schemas/taudit-report.schema.json"
schema_version: 1.0.0
summary:
  completeness: complete
  critical: 6
  high: 2
  info: 1
  low: 1
  medium: 2
  total_edges: 13
  total_findings: 12
  total_nodes: 13
