---
source: crates/taudit-cli/tests/snapshot_gitlab.rs
expression: finding
---
severity: low
category: long_lived_credential
nodes_involved:
  - 2
message: "'API_SECRET_KEY' looks like a long-lived static credential"
recommendation:
  type: federate_identity
  static_secret: API_SECRET_KEY
  oidc_provider: "GitHub Actions OIDC (id-token: write)"
source: built-in
time_to_fix: large
