---
source: crates/taudit-cli/tests/snapshot_gitlab.rs
expression: finding
---
severity: high
category: over_privileged_identity
nodes_involved:
  - 0
  - 5
message: "CI_JOB_TOKEN has broad scope (permissions: '') — likely broader than needed"
recommendation:
  type: reduce_permissions
  current: ""
  minimum: "{ contents: read }"
source: built-in
time_to_fix: small
confidence_scope: yaml_only
authority_kinds:
  - job_token
