---
source: crates/taudit-cli/tests/snapshot_gha.rs
expression: finding
---
severity: high
category: checkout_self_pr_exposure
nodes_involved:
  - 2
message: "PR-triggered pipeline checks out the repository at step 'check[0]' — attacker-controlled code from the fork lands on the runner and is readable by all subsequent steps"
recommendation:
  type: manual
  action: "Use `persist-credentials: false` and avoid reading workspace files in subsequent privileged steps. Consider `checkout: none` for jobs that only need pipeline config, not source code."
source: built-in
time_to_fix: medium
