---
source: crates/taudit-cli/tests/snapshot_gitlab.rs
expression: finding
---
severity: critical
category: authority_propagation
path:
  source: 3
  sink: 4
  edges:
    - 4
  crossed_boundary: true
  boundary_crossing:
    - first_party
    - untrusted
nodes_involved:
  - 3
  - 4
message: "DEPLOY_TOKEN propagated to alpine:latest across trust boundary"
recommendation:
  type: tsafe_remediation
  command: tsafe exec --ns <scoped-namespace> -- <command>
  explanation: Scope DEPLOY_TOKEN to only the steps that need it
source: built-in
confidence_scope: yaml_only
authority_kinds:
  - credential_named_variable
