---
source: crates/taudit-cli/tests/snapshot_gha.rs
expression: findings
---
- severity: critical
  category: authority_propagation
  path:
    source: 0
    sink: 1
    edges:
      - 0
    crossed_boundary: true
    boundary_crossing:
      - first_party
      - untrusted
  nodes_involved:
    - 0
    - 1
  message: GITHUB_TOKEN propagated to actions/checkout@main across trust boundary
  recommendation:
    type: tsafe_remediation
    command: tsafe exec --ns <scoped-namespace> -- <command>
    explanation: Scope GITHUB_TOKEN to only the steps that need it
  source: built-in
- severity: low
  category: long_lived_credential
  nodes_involved:
    - 4
  message: "'AWS_ACCESS_KEY_ID' looks like a long-lived static credential"
  recommendation:
    type: federate_identity
    static_secret: AWS_ACCESS_KEY_ID
    oidc_provider: "GitHub Actions OIDC (id-token: write)"
  source: built-in
  time_to_fix: large
- severity: low
  category: long_lived_credential
  nodes_involved:
    - 5
  message: "'DB_PASSWORD' looks like a long-lived static credential"
  recommendation:
    type: federate_identity
    static_secret: DB_PASSWORD
    oidc_provider: "GitHub Actions OIDC (id-token: write)"
  source: built-in
  time_to_fix: large
- severity: high
  category: over_privileged_identity
  nodes_involved:
    - 0
    - 2
    - 3
  message: "GITHUB_TOKEN has broad scope (permissions: 'write-all') — likely broader than needed"
  recommendation:
    type: reduce_permissions
    current: write-all
    minimum: "{ contents: read }"
  source: built-in
  time_to_fix: small
- severity: medium
  category: unpinned_action
  nodes_involved:
    - 1
  message: actions/checkout@main is not pinned to a SHA digest
  recommendation:
    type: pin_action
    current: actions/checkout@main
    pinned: actions/checkout@<sha256-digest>
  source: built-in
  time_to_fix: trivial
- severity: critical
  category: untrusted_with_authority
  nodes_involved:
    - 2
    - 0
  message: "Untrusted step 'deploy[0]' has direct access to identity 'GITHUB_TOKEN'"
  recommendation:
    type: reduce_permissions
    current: write-all
    minimum: minimal required scope
  source: built-in
- severity: info
  category: uplift_without_attestation
  nodes_involved:
    - 2
    - 3
    - 0
  message: 2 step(s) use OIDC/federated identity but no provenance attestation step was detected — artifact integrity cannot be verified
  recommendation:
    type: manual
    action: "Add 'actions/attest-build-provenance' after your build step (GHA) to provide SLSA provenance. See https://docs.github.com/en/actions/security-guides/using-artifact-attestations"
  source: built-in
