---
source: crates/taudit-cli/tests/snapshot_gitlab.rs
expression: json
---
findings:
  - authority_kinds:
      - credential_named_variable
    category: authority_propagation
    confidence_scope: yaml_only
    finding_group_id: 3e1ce5ac-d8de-5111-85c0-c961f1bfea37
    fingerprint: d180931e883fe7d08a9ac19952c50b9d
    message: "API_SECRET_KEY propagated to alpine:latest across trust boundary"
    nodes_involved:
      - 1
      - 4
    path:
      boundary_crossing:
        - first_party
        - untrusted
      crossed_boundary: true
      edges:
        - 4
      sink: 4
      source: 1
    recommendation:
      command: tsafe exec --ns <scoped-namespace> -- <command>
      explanation: Scope API_SECRET_KEY to only the steps that need it
      type: tsafe_remediation
    rule_id: authority_propagation
    severity: critical
    source: built-in
    suppression_key: sk1_70c40fe30f8ddead6c17854663935232
  - authority_kinds:
      - job_token
    category: authority_propagation
    confidence_scope: yaml_only
    finding_group_id: 661d0527-036b-5986-a564-a1d93afd8748
    fingerprint: f310333c07ac5116f7733626d44cb753
    message: "CI_JOB_TOKEN propagated to alpine:latest across trust boundary"
    nodes_involved:
      - 0
      - 4
    path:
      boundary_crossing:
        - first_party
        - untrusted
      crossed_boundary: true
      edges:
        - 4
      sink: 4
      source: 0
    recommendation:
      command: tsafe exec --ns <scoped-namespace> -- <command>
      explanation: Scope CI_JOB_TOKEN to only the steps that need it
      type: tsafe_remediation
    rule_id: authority_propagation
    severity: critical
    source: built-in
    suppression_key: sk1_58b5e871222f76b7f18caf7cf9492c41
  - authority_kinds:
      - credential_named_variable
    category: authority_propagation
    confidence_scope: yaml_only
    finding_group_id: 0e309759-d91b-5d41-b2d7-b7ffeec7377c
    fingerprint: a8e0befc7144da9fb4e5ef763fcc1fc5
    message: "DATABASE_PASSWORD propagated to alpine:latest across trust boundary"
    nodes_involved:
      - 2
      - 4
    path:
      boundary_crossing:
        - first_party
        - untrusted
      crossed_boundary: true
      edges:
        - 4
      sink: 4
      source: 2
    recommendation:
      command: tsafe exec --ns <scoped-namespace> -- <command>
      explanation: Scope DATABASE_PASSWORD to only the steps that need it
      type: tsafe_remediation
    rule_id: authority_propagation
    severity: critical
    source: built-in
    suppression_key: sk1_67de0ac7eee70ed68ba6674715c9f23b
  - authority_kinds:
      - credential_named_variable
    category: authority_propagation
    confidence_scope: yaml_only
    finding_group_id: f529a601-9f35-545c-8e7e-74c2442a6908
    fingerprint: 1464f3114a20b17016c1f4a4fac39c16
    message: "DEPLOY_TOKEN propagated to alpine:latest across trust boundary"
    nodes_involved:
      - 3
      - 4
    path:
      boundary_crossing:
        - first_party
        - untrusted
      crossed_boundary: true
      edges:
        - 4
      sink: 4
      source: 3
    recommendation:
      command: tsafe exec --ns <scoped-namespace> -- <command>
      explanation: Scope DEPLOY_TOKEN to only the steps that need it
      type: tsafe_remediation
    rule_id: authority_propagation
    severity: critical
    source: built-in
    suppression_key: sk1_d184a429f3cb532c0079169a4c23b0cb
  - authority_kinds:
      - credential_named_variable
    category: long_lived_credential
    confidence_scope: yaml_only
    finding_group_id: c494fbb4-778f-5822-8dad-6f8e82c5921b
    fingerprint: d2405dfb12dabdf464262a499c87ba54
    message: "'API_SECRET_KEY' looks like a long-lived static credential"
    nodes_involved:
      - 1
    recommendation:
      oidc_provider: "GitHub Actions OIDC (id-token: write)"
      static_secret: API_SECRET_KEY
      type: federate_identity
    rule_id: long_lived_credential
    severity: low
    source: built-in
    suppression_key: sk1_4824afc6b1445429c370477881a20d34
    time_to_fix: large
  - authority_kinds:
      - credential_named_variable
    category: long_lived_credential
    confidence_scope: yaml_only
    finding_group_id: 6fdceba6-6f33-58fe-95bf-927f469b15ec
    fingerprint: a04b0fa8ff833821d59f9caa45266717
    message: "'DATABASE_PASSWORD' looks like a long-lived static credential"
    nodes_involved:
      - 2
    recommendation:
      oidc_provider: "GitHub Actions OIDC (id-token: write)"
      static_secret: DATABASE_PASSWORD
      type: federate_identity
    rule_id: long_lived_credential
    severity: low
    source: built-in
    suppression_key: sk1_c09cadb17eb8f76176fd49e4782ed17f
    time_to_fix: large
  - authority_kinds:
      - job_token
    category: over_privileged_identity
    confidence_scope: yaml_only
    finding_group_id: 00262520-9062-589a-8cfd-399be5d1a0b9
    fingerprint: 1ff9918fc8f89331c28c5c87af76f8ff
    message: "CI_JOB_TOKEN has broad scope (permissions: '') — likely broader than needed"
    nodes_involved:
      - 0
      - 5
    recommendation:
      current: ""
      minimum: "{ contents: read }"
      type: reduce_permissions
    rule_id: over_privileged_identity
    severity: high
    source: built-in
    suppression_key: sk1_a0fd76b4b1140560e30334b3222ae956
    time_to_fix: small
  - attacker_surface_kinds:
      - mutable_dependency_ref
    category: unpinned_action
    confidence_scope: yaml_only
    finding_group_id: e9073e12-4672-5c3b-a881-79b1abc87da9
    fingerprint: 73aefa946595cc3323a3711d1b09f744
    message: "alpine:latest is not pinned to a SHA digest"
    nodes_involved:
      - 4
    recommendation:
      current: "alpine:latest"
      pinned: "alpine:latest@<sha256-digest>"
      type: pin_action
    rule_id: unpinned_action
    runtime_preconditions:
      - "the referenced mutable branch, tag, include, or image can change independently of this repository"
    severity: high
    source: built-in
    suppression_key: sk1_45b02e73ff078b41d60e3b6a02b5c976
    time_to_fix: trivial
graph:
  completeness: complete
  edges:
    - authority_summary:
        identity_scope: broad
        trust_zone: first_party
      from: 5
      id: 0
      kind: has_access_to
      to: 0
    - from: 5
      id: 1
      kind: has_access_to
      to: 1
    - from: 5
      id: 2
      kind: has_access_to
      to: 2
    - from: 5
      id: 3
      kind: has_access_to
      to: 3
    - from: 5
      id: 4
      kind: uses_image
      to: 4
  metadata:
    platform: gitlab
  nodes:
    - id: 0
      kind: identity
      metadata:
        identity_scope: broad
        implicit: "true"
      name: CI_JOB_TOKEN
      trust_zone: first_party
    - id: 1
      kind: secret
      metadata: {}
      name: API_SECRET_KEY
      trust_zone: first_party
    - id: 2
      kind: secret
      metadata: {}
      name: DATABASE_PASSWORD
      trust_zone: first_party
    - id: 3
      kind: secret
      metadata: {}
      name: DEPLOY_TOKEN
      trust_zone: first_party
    - id: 4
      kind: image
      metadata: {}
      name: "alpine:latest"
      trust_zone: untrusted
    - id: 5
      kind: step
      metadata:
        job_name: deploy
        script_body: "echo \"Deploying with token $DEPLOY_TOKEN\""
      name: deploy
      trust_zone: first_party
  source:
    file: ".gitlab-ci.yml"
schema_uri: "https://taudit.dev/schemas/taudit-report.schema.json"
schema_version: 1.0.0
summary:
  completeness: complete
  critical: 4
  graph_risk_summary:
    authority_roots: 4
    delegation_hops: 0
    mutable_refs: 1
    protected_resource_categories:
      - identity
      - secret
    publication_adjacent_sinks: 1
    untrusted_sinks: 1
  high: 2
  info: 0
  low: 2
  medium: 0
  total_edges: 5
  total_findings: 8
  total_nodes: 6
