---
source: crates/taudit-cli/tests/snapshot_gha.rs
expression: finding
---
severity: critical
category: untrusted_with_authority
nodes_involved:
  - 8
  - 9
message: "Untrusted step 'deploy[0]' has direct access to secret 'DEPLOY_TOKEN'"
recommendation:
  type: cellos_remediation
  reason: "Untrusted step 'deploy[0]' has direct access to secret 'DEPLOY_TOKEN'"
  spec_hint: "cellos run --network deny-all --broker env:DEPLOY_TOKEN"
source: built-in
confidence_scope: yaml_only
authority_kinds:
  - credential_named_variable
attacker_surface_kinds:
  - untrusted_step
