---
source: crates/taudit-cli/tests/snapshot_ado.rs
expression: json
---
findings:
  - attacker_surface_kinds:
      - untrusted_checkout
    category: checkout_self_pr_exposure
    confidence_scope: yaml_only
    cve_relationship: same_authority_shape
    finding_group_id: 07f2e7cf-9646-51fd-acf3-0bebfad3ad2e
    fingerprint: 481eb03db2f3c50620aead82178810b4
    message: "PR-triggered pipeline checks out the repository at step 'pipeline[0]' — attacker-controlled code from the fork lands on the runner and is readable by all subsequent steps"
    nodes_involved:
      - 2
    portal_control_dependency: true
    recommendation:
      action: "Use `persist-credentials: false` (GitHub Actions) or `persistCredentials: false` (Azure DevOps) to stop writing the repo token to disk, and avoid reading workspace files in subsequent privileged steps. Consider `checkout: none` or omitting checkout for jobs that only need pipeline config, not source code."
      type: manual
    rule_id: checkout_self_pr_exposure
    runtime_preconditions:
      - the authority shown in the graph is available to that run
      - untrusted PR or fork-controlled input can reach this workflow at runtime
    severity: high
    source: built-in
    suppression_key: sk1_b7d6e3c9f9f8da1519afc2d9667a9364
    time_to_fix: medium
  - authority_kinds:
      - job_token
    category: over_privileged_identity
    confidence_scope: yaml_only
    finding_group_id: 5f27c90f-6130-57b7-931c-7e756722e388
    fingerprint: fd6a9adae7376318838370392ea657ca
    message: "System.AccessToken has broad scope (permissions: '') — likely broader than needed"
    nodes_involved:
      - 0
      - 2
      - 3
    portal_control_dependency: true
    recommendation:
      current: ""
      minimum: "{ contents: read }"
      type: reduce_permissions
    rule_id: over_privileged_identity
    severity: high
    source: built-in
    suppression_key: sk1_f5713fcbea60d40cf198a961d114d083
    time_to_fix: small
  - attacker_surface_kinds:
      - self_hosted_runner
      - untrusted_checkout
    category: self_hosted_pool_pr_hijack
    confidence_scope: yaml_only
    cve_relationship: same_authority_shape
    finding_group_id: 0953b31e-364f-5f21-89a6-a7ae6a1310bb
    fingerprint: 0647fb972a184c014fd376364580225d
    message: "PR-triggered pipeline uses self-hosted agent pool with checkout:self — enables git hook injection persisting across pipeline runs on the shared runner"
    nodes_involved:
      - 1
      - 2
    portal_control_dependency: true
    recommendation:
      action: "Run PR pipelines on Microsoft-hosted (ephemeral) agents, or disable checkout:self for PR-triggered jobs on self-hosted pools"
      type: manual
    rule_id: self_hosted_pool_pr_hijack
    runtime_preconditions:
      - the authority shown in the graph is available to that run
      - untrusted PR or fork-controlled input can reach this workflow at runtime
    severity: critical
    source: built-in
    suppression_key: sk1_3eeee794ecfc8dcb9f8a3ac419097560
  - attacker_surface_kinds:
      - self_hosted_runner
    category: shared_self_hosted_pool_no_isolation
    confidence_scope: yaml_only
    finding_group_id: 82f6a179-d521-5cd9-bdaa-09de04bfcb42
    fingerprint: 4873e5775b5e271f363374e5b504aca1
    message: "Self-hosted pool 'SharedBuildAgents' has no workspace isolation (workspace: {clean: all/true} not set); a previous pipeline run can pollute the workspace for the next — including privileged deployment jobs"
    nodes_involved:
      - 1
    portal_control_dependency: true
    recommendation:
      action: "Add `workspace: { clean: all }` to every job that uses a self-hosted pool, or migrate to Microsoft-hosted (ephemeral) agents for untrusted builds."
      type: manual
    rule_id: shared_self_hosted_pool_no_isolation
    severity: high
    source: built-in
    suppression_key: sk1_fc2b27975841ee1de181c539eb3555e2
  - attacker_surface_kinds:
      - script_sink
      - untrusted_checkout
    authority_kinds:
      - credential_named_variable
      - job_token
      - secret
    category: trigger_context_mismatch
    confidence_scope: yaml_only
    cve_relationship: same_authority_shape
    finding_group_id: 113dc5b4-ddf6-5be7-aca2-4eddf0a8f032
    fingerprint: b6c2dbaccfb85fcc54955524d5539caa
    message: Workflow triggered by pr with secret/identity access — 2 step(s) hold authority that attacker-controlled code could reach
    nodes_involved:
      - 2
      - 3
      - 0
      - 4
      - 5
      - 6
    portal_control_dependency: true
    recommendation:
      action: "Use a separate workflow triggered by workflow_run (not pull_request_target) for privileged operations, or ensure no checkout of the PR head ref occurs before secret use"
      type: manual
    rule_id: trigger_context_mismatch
    runtime_preconditions:
      - the authority shown in the graph is available to that run
      - untrusted PR or fork-controlled input can reach this workflow at runtime
    severity: high
    source: built-in
    suppression_key: sk1_39f6c552923530e285bb75ad38b1342e
graph:
  completeness: complete
  edges:
    - authority_summary:
        identity_scope: broad
        trust_zone: first_party
      from: 2
      id: 0
      kind: has_access_to
      to: 0
    - authority_summary:
        identity_scope: broad
        trust_zone: first_party
      from: 3
      id: 1
      kind: has_access_to
      to: 0
    - from: 3
      id: 2
      kind: has_access_to
      to: 4
    - from: 3
      id: 3
      kind: has_access_to
      to: 5
    - from: 3
      id: 4
      kind: has_access_to
      to: 4
    - from: 3
      id: 5
      kind: has_access_to
      to: 6
  metadata:
    platform: azure-devops
    trigger: pr
  nodes:
    - id: 0
      kind: identity
      metadata:
        identity_scope: broad
        implicit: "true"
      name: System.AccessToken
      trust_zone: first_party
    - id: 1
      kind: image
      metadata:
        self_hosted: "true"
      name: SharedBuildAgents
      trust_zone: first_party
    - id: 2
      kind: step
      metadata:
        checkout_self: "true"
        job_name: pipeline
      name: "pipeline[0]"
      trust_zone: first_party
    - id: 3
      kind: step
      metadata:
        job_name: pipeline
        script_body: "az login --service-principal -u $(SERVICE_PRINCIPAL_ID) -p $(SERVICE_PRINCIPAL_SECRET) --tenant $(TENANT_ID)\nterraform apply -auto-approve\n"
        terraform_auto_approve: "true"
      name: Deploy with service principal
      trust_zone: first_party
    - id: 4
      kind: secret
      metadata: {}
      name: SERVICE_PRINCIPAL_SECRET
      trust_zone: first_party
    - id: 5
      kind: secret
      metadata: {}
      name: SERVICE_PRINCIPAL_ID
      trust_zone: first_party
    - id: 6
      kind: secret
      metadata: {}
      name: TENANT_ID
      trust_zone: first_party
  source:
    file: azure-pipelines.yml
schema_uri: "https://taudit.dev/schemas/taudit-report.schema.json"
schema_version: 1.0.0
summary:
  completeness: complete
  critical: 1
  graph_risk_summary:
    authority_roots: 4
    delegation_hops: 0
    mutable_refs: 1
    protected_resource_categories:
      - identity
      - secret
    publication_adjacent_sinks: 1
    untrusted_sinks: 0
  high: 4
  info: 0
  low: 0
  medium: 0
  total_edges: 6
  total_findings: 5
  total_nodes: 7
